// Jest Snapshot v1, https://goo.gl/fbAQLP

exports[`<Button /> should render medium size by default 1`] = `
.c0 {
  padding: 0.8rem;
  color: #FAFAFA;
  background: linear-gradient(180deg,#ff5f5f 0%,#f062c0 50%);
  border: 0;
  border-radius: 0.4rem;
  cursor: pointer;
  height: 4rem;
  padding: 0.8rem 3.2rem;
  font-size: 1.4rem;
}

<button
  class="c0"
>
  <span>
    Buy now
  </span>
</button>
`;
